0	Brouns_C.20151106 [name=Brouns lab primer C 20151106] [date=20151106] [latitude=52.180646] [longitude=5.9478529] [altitude=36m] [country=The Netherlands]
1	Cho_A.20160208 [name=Gyu-Sung Cho Primer A 20160208] [latitude=49.0151676] [longitude=8.4008814] [address=Max Rubner-Institut, Karlsruhe, Haid-und-Neu-StraBe 9, 76131] [date=20160208] [country=Germany]
2	Cinek_bin08_primerC.20151120 [name=Cinek lab sample bin08 primer C 20151120] [date=20151120] [latitude=61.505] [longitude=23.815] [note=coordinates are hospital location] [country=Finland]
3	Cinek_bin11_primerC.20151120 [name=Cinek lab sample bin11 primer C 20151120] [date=20151120] [latitude=61.505] [longitude=23.815] [note=coordinates are hospital location] [country=Finland]
4	Cinek_bin12_primerC.20151120 [name=Cinek lab sample bin12 primer C 20151120] [date=20151120] [latitude=61.505] [longitude=23.815] [note=coordinates are hospital location] [country=Finland]
5	Cinek_bin13_primerC.20151120 [name=Cinek lab sample bin13 primer C 20151120] [date=20151120] [latitude=61.505] [longitude=23.815] [note=coordinates are hospital location] [country=Finland]
6	Cinek_bin14_primerC.20151120 [name=Cinek lab sample bin14 primer C 20151120] [date=20151120] [latitude=61.505] [longitude=23.815] [note=coordinates are hospital location] [country=Finland]
7	Cinek_bin15_primerC.20151120 [name=Cinek lab sample bin15 primer C 20151120] [date=20151120] [latitude=61.505] [longitude=23.815] [note=coordinates are hospital location] [country=Finland]
8	Cinek_bin16_primerC.20151120 [name=Cinek lab sample bin16 primer C 20151120] [date=20151120] [latitude=61.505] [longitude=23.815] [note=coordinates are hospital location] [country=Finland]
9	Cinek_bin55_primerC.20151120 [name=Cinek lab sample bin55 primer C 20151120] [date=20151120] [latitude=61.505] [longitude=23.815] [note=coordinates are hospital location] [country=Finland]
10	Cinek_bin56_primerC.20151120 [name=Cinek lab sample bin56 primer C 20151120] [date=20151120] [latitude=61.505] [longitude=23.815] [note=coordinates are hospital location] [country=Finland]
11	Cinek_bin79_primerC.20151120 [name=Cinek lab sample bin79 primer C 20151120] [date=20151120] [latitude=61.505] [longitude=23.815] [note=coordinates are hospital location] [country=Finland]
12	Decewicz_Dziewit_Cseq1.20160126 [name=Decewicz,Dziewit Primer C 20160126] [latitude=51.727940] [longitude=19.347618] [address=Group Wastewater Treatment Plant, Sanitariuszek 66, 91-867 Lodz, Poland] [date=20160126] [country=Poland]
13	Decewicz_Dziewit_Cseq2.20160126 [name=Decewicz,Dziewit Primer C 20160126] [latitude=51.727940] [longitude=19.347618] [address=Group Wastewater Treatment Plant, Sanitariuszek 66, 91-867 Lodz, Poland] [date=20160126] [country=Poland]
14	Decewicz_Dziewit_C.20160126 [name=Decewicz,Dziewit Primer C 20160126] [latitude=50.038062] [longitude=19.321854] [address=Municipal and Industrial Wastewater Treatment Plant, Nadwislanska 46, 32-642 Oswiecim, Poland] [date=20160126] [country=Poland]
15	Decewicz_Dziewit_C.20160126 [name=Decewicz,Dziewit Primer C 20160126] [latitude=52.351351] [longitude=20.959269] [address=Municipal Wastewater Treatment Plant ÑCzajkaî, Czajki 4/6, Warsaw, 03-054 Warsaw, Poland] [date=20160126] [country=Poland]
16	Decewicz_Dziewit_Cseq1.20160126 [name=Decewicz,Dziewit Primer C 20160126] [latitude=52.577948] [longitude=21.429024] [address=Municipal Wastewater Treatment Plant, Rybienko Stare, 07-200 Wyszkow, Poland] [date=20160126] [country=Poland]
17	Decewicz_Dziewit_Cseq2.20160126 [name=Decewicz,Dziewit Primer C 20160126] [latitude=52.577948] [longitude=21.429024] [address=Municipal Wastewater Treatment Plant, Rybienko Stare, 07-200 Wyszkow, Poland] [date=20160126] [country=Poland]
18	Decewicz_Dziewit_Lodz_Cseq1.20160303 [name=Decewicz_Dziewit Primer C 20160303] [latitude=51.727940] [longitude=19.347618] [address=Group Wastewater Treatment Plant, Sanitariuszek 66, 91-867 Lodz, Poland] [date=20160303] [country=Poland]
19	Decewicz_Dziewit_Lodz_Cseq2.20160303 [name=Decewicz_Dziewit Primer C 20160303] [latitude=51.727940] [longitude=19.347618] [address=Group Wastewater Treatment Plant, Sanitariuszek 66, 91-867 Lodz, Poland] [date=20160303] [country=Poland]
20	Decewicz_Dziewit_Lodz_Cseq3.20160303 [name=Decewicz_Dziewit Primer C 20160303] [latitude=51.727940] [longitude=19.347618] [address=Group Wastewater Treatment Plant, Sanitariuszek 66, 91-867 Lodz, Poland] [date=20160303] [country=Poland]
21	Decewicz_Dziewit_Lodz_Cseq4.20160303 [name=Decewicz_Dziewit Primer C 20160303] [latitude=51.727940] [longitude=19.347618] [address=Group Wastewater Treatment Plant, Sanitariuszek 66, 91-867 Lodz, Poland] [date=20160303] [country=Poland]
22	Decewicz_Dziewit_Lodz_Cseq5.20160303 [name=Decewicz_Dziewit Primer C 20160303] [latitude=51.727940] [longitude=19.347618] [address=Group Wastewater Treatment Plant, Sanitariuszek 66, 91-867 Lodz, Poland] [date=20160303] [country=Poland]
23	Decewicz_Dziewit_Oswiecim_Cseq1.20160303 [name=Decewicz_Dziewit Primer C 20160303] [latitude=50.038062] [longitude=19.321854] [address=Municipal and Industrial Wastewater Treatment Plant, Nadwislanska 46, 32-642 Oswiecim, Poland] [date=20160303] [country=Poland]
24	Decewicz_Dziewit_Oswiecim_Cseq2.20160303 [name=Decewicz_Dziewit Primer C 20160303] [latitude=50.038062] [longitude=19.321854] [address=Municipal and Industrial Wastewater Treatment Plant, Nadwislanska 46, 32-642 Oswiecim, Poland] [date=20160303] [country=Poland]
25	Decewicz_Dziewit_Oswiecim_Cseq3.20160303 [name=Decewicz_Dziewit Primer C 20160303] [latitude=50.038062] [longitude=19.321854] [address=Municipal and Industrial Wastewater Treatment Plant, Nadwislanska 46, 32-642 Oswiecim, Poland] [date=20160303] [country=Poland]
26	Decewicz_Dziewit_Oswiecim_Cseq4.20160303 [name=Decewicz_Dziewit Primer C 20160303] [latitude=50.038062] [longitude=19.321854] [address=Municipal and Industrial Wastewater Treatment Plant, Nadwislanska 46, 32-642 Oswiecim, Poland] [date=20160303] [country=Poland]
27	Decewicz_Dziewit_Oswiecim_Cseq5.20160303 [name=Decewicz_Dziewit Primer C 20160303] [latitude=50.038062] [longitude=19.321854] [address=Municipal and Industrial Wastewater Treatment Plant, Nadwislanska 46, 32-642 Oswiecim, Poland] [date=20160303] [country=Poland]
28	Decewicz_Dziewit_Warsaw_Cseq1.20160303 [name=Decewicz_Dziewit Primer C 20160303] [latitude=52.351351] [longitude=20.959269] [address=Municipal Wastewater Treatment Plant ‚Czajka‚, Czajki 4/6, Warsaw, 03-054 Warsaw, Poland] [date=20160303] [country=Poland]
29	Decewicz_Dziewit_Warsaw_Cseq2.20160303 [name=Decewicz_Dziewit Primer C 20160303] [latitude=52.351351] [longitude=20.959269] [address=Municipal Wastewater Treatment Plant Czajka‚, Czajki 4/6, Warsaw, 03-054 Warsaw, Poland] [date=20160303] [country=Poland]
30	Decewicz_Dziewit_Warsaw_Cseq3.20160303 [name=Decewicz_Dziewit Primer C 20160303] [latitude=52.351351] [longitude=20.959269] [address=Municipal Wastewater Treatment Plant ‚Czajka‚, Czajki 4/6, Warsaw, 03-054 Warsaw, Poland] [date=20160303] [country=Poland]
31	Decewicz_Dziewit_Warsaw_Cseq4.20160303 [name=Decewicz_Dziewit Primer C 20160303] [latitude=52.351351] [longitude=20.959269] [address=Municipal Wastewater Treatment Plant ‚Czajka‚, Czajki 4/6, Warsaw, 03-054 Warsaw, Poland] [date=20160303] [country=Poland]
32	Decewicz_Dziewit_Warsaw_Cseq5.20160303 [name=Decewicz_Dziewit Primer C 20160303] [latitude=52.351351] [longitude=20.959269] [address=Municipal Wastewater Treatment Plant ‚Czajka‚, Czajki 4/6, Warsaw, 03-054 Warsaw, Poland] [date=20160303] [country=Poland]
33	Decewicz_Dziewit_Wyszkow_Cseq1.20160303 [name=Decewicz_Dziewit Primer C 20160303] [latitude=52.577948] [longitude=21.429024] [address=Municipal Wastewater Treatment Plant, Rybienko Stare, 07-200 Wyszkow, Poland] [date=20160303] [country=Poland]
34	Decewicz_Dziewit_Wyszkow_Cseq2.20160303 [name=Decewicz_Dziewit Primer C 20160303] [latitude=52.577948] [longitude=21.429024] [address=Municipal Wastewater Treatment Plant, Rybienko Stare, 07-200 Wyszkow, Poland] [date=20160303] [country=Poland]
35	Decewicz_Dziewit_Wyszkow_Cseq3.20160303 [name=Decewicz_Dziewit Primer C 20160303] [latitude=52.577948] [longitude=21.429024] [address=Municipal Wastewater Treatment Plant, Rybienko Stare, 07-200 Wyszkow, Poland] [date=20160303] [country=Poland]
36	Decewicz_Dziewit_Wyszkow_Cseq4.20160303 [name=Decewicz_Dziewit Primer C 20160303] [latitude=52.577948] [longitude=21.429024] [address=Municipal Wastewater Treatment Plant, Rybienko Stare, 07-200 Wyszkow, Poland] [date=20160303] [country=Poland]
37	Decewicz_Dziewit_Wyszkow_Cseq5.20160303 [name=Decewicz_Dziewit Primer C 20160303] [latitude=52.577948] [longitude=21.429024] [address=Municipal Wastewater Treatment Plant, Rybienko Stare, 07-200 Wyszkow, Poland] [date=20160303] [country=Poland]
38	Desnues_stool3_primerC.20151217 [name=Desnues lab stool 3 primer C 20151217] [date=20151217] [latitude=43.2888] [longitude=5.4005] [note=coordinates are hospital location] [country=France]
39	Edwards_C.20151012.S1 [name=Edwards Primer C Site 1 20151026] [latitude=33.105788] [longitude=-117.114064] [address=Water Quality Testing, 1521 S. Hale Avenue Escondido, CA 92029, USA] [date=20151012] [country=USA]
40	Edwards_C.20151012.S2 [name=Edwards Primer C Site 2 20151026] [latitude=33.016467] [longitude=-117.273686] [address=San Elijo Joint Powers Authority, 2695 Manchester Avenue, Cardiff by the Sea, California 92007-7077] [date=20151012] [country=USA]
41	Edwards_C.20151012.S3 [name=Edwards Primer C Site 3 20151012] [latitude=33.116202] [longitude=-117.321597] [address=Encina Wastewater Authority, 6200 Avenida Encinas, Carlsbad, CA 92011] [date=20151012] [country=USA]
42	Edwards_C.20151012.S4 [name=Edwards Primer C Site 4 20151012] [latitude=33.144526] [longitude=-117.178849[ [address=Vallecitos Water District, 201 Vallecitos De Oro, San Marcos, CA 92069] [date=20151012] [country=USA]
43	Edwards_C.20151209.S1 [name=Edwards Primer C Site 1 20151209] [latitude=33.105788] [longitude=-117.114064] [address=Water Quality Testing, 1521 S. Hale Avenue Escondido, CA 92029, USA] [date=20151209] [country=USA] 
44	Edwards_C.20151209.S2 [name=Edwards Primer C Site 2 20151209] [latitude=33.016467] [longitude=-117.273686] [address=San Elijo Joint Powers Authority, 2695 Manchester Avenue, Cardiff by the Sea, California 92007-7077]  [date=20151209] [country=USA] 
45	Edwards_C.20151209.S3 [name=Edwards Primer C Site 3 20151209] [latitude=33.116202] [longitude=-117.321597] [address=Encina Wastewater Authority, 6200 Avenida Encinas, Carlsbad, CA 92011] [date=20151209] [country=USA] 
46	Edwards_C.20151209.S4 [name=Edwards Primer C Site 4 20151209] [latitude=33.144526] [longitude=-117.178849[ [address=Vallecitos Water District, 201 Vallecitos De Oro, San Marcos, CA 92069] [date=20151209] [country=USA] 
47	Fineran_Dunedin_C [name=Fineran Primer C] [latitude=-45.9062333] [longitude=170.4858516,13] [address=10 Tahuna Rd, Otago 9013, New Zealand]  [date=20160317] [country=New Zealand]
48	Fineran_Greymouth_C [name=Fineran Primer C] [latitude=-42.4921908] [longitude=171.1071795] [address=105 Tainui St, Greymouth 7805, New Zealand]  [date=20160317] [country=New Zealand]
49	Lavigne.PrimerC.20160126 [name=Lavigne Primer C 20160126] [latitude=50.9598476] [longitude=4.6350655] [date=20160126] [country=Belgium]
50	Muniesa_E1_Gav_primerC.201510 [name=Muniesa E1 Gava primer C Raw Sewage] [date=20151001] [lattude=41.3037013] [longitude=1.9858569] [source=Raw sewage] [country=Spain]
51	Muniesa_E2_Gav_primerC.201510 [name=Muniesa E2 Gava primer C Raw Sewage] [date=20151001] [lattude=41.3037013] [longitude=1.9858569] [source=Raw sewage] [country=Spain]
52	Muniesa_1.1_Gav_primerC.201510 [name=Muniesa 1.1 Gava primer C Primary Treatment] [date=20151001] [lattude=41.3037013] [longitude=1.9858569] [source=Primary Treatment] [country=Spain]
53	Muniesa_E4_Gav_primerC.201311 [name=Muniesa E4 Gava primer C Raw Sewage] [date=20131101] [lattude=41.3037013] [longitude=1.9858569] [source=Raw Sewage] [country=Spain]
54	Muniesa_E7_Gav_primerC.201401 [name=Muniesa E7 Gava primer C Raw Sewage] [date=20140101] [lattude=41.3037013] [longitude=1.9858569] [source=Raw Sewage] [country=Spain]
55	Muniesa_E8_ElPratdeLlobregat_primerC.201401 [name=Muniesa E8 El Prat de Llobregat primer C Raw Sewage] [date=20140101] [lattude=41.3224312] [longitude=2.0828713] [source=Raw Sewage] [country=Spain]
56	Muniesa_E13_Gav_primerC.201405 [name=Muniesa E13 Gava primer C Raw Sewage] [date=20140501] [lattude=41.3037013] [longitude=1.9858569] [source=Raw Sewage] [country=Spain]
57	Muniesa_E14_ElPratdeLlobregat_primerC.201401 [name=Muniesa E14 El Prat de Llobregat primer C Raw Sewage] [date=20140501] [lattude=41.3224312] [longitude=2.0828713] [source=Raw Sewage] [country=Spain]
58	Muniesa_E23_Gav_primerC.201406 [name=Muniesa E23 Gava primer C Raw Sewage] [date=20140601] [lattude=41.3037013] [longitude=1.9858569] [source=Raw Sewage] [country=Spain]
59	Muniesa_E32_Girona_primerC.201505 [name=Muniesa E32 Girona primer C Raw Sewage] [date=20150501] [lattude=41.3942867] [longitude=2.1701905] [source=Raw Sewage] [country=Spain]
60	Qimron_Jericho_C_20151202 [name=Qimron lab primer C 20151202] [latitude=31.85] [longitude=35.45] [note=Collected in Jericho] [country=Israel]
61	Qimron_Qalqilyah_C_20151202 [name=Qimron lab primer C 20151202] [latitude=32.18] [longitude=34.97] [note=Collected in Qalqilyah] [country=Israel]
62	Qimron_Ramallah_C_20151202 [name=Qimron lab primer C 20151202] [latitude=31.9] [longitude=35.19] [note=Collected in Ramallah] [country=Israel]
63	Qimron_Salfit_C_20151202 [name=Qimron lab primer C 20151202] [latitude=32.08] [longitude=35.18] [note=Collected in Salfit] [country=Israel]
64	Quan_C.20160320.S1 [name=Quan Primer C] [latitude=31.2974197] [longitude=121.5014291] [address=220 Handan Rd, Yangpu, Shanghai, China] [date=20160320] [country=China, Shanghai]
65	Quan_C.20160320.S2 [name=Quan Primer C] [latitude=31.2974197] [longitude=121.5014291] [address=220 Handan Rd, Yangpu, Shanghai, China] [date=20160320] [country=China, Shanghai]
66	Quan_C.20160320.S3 [name=Quan Primer C] [latitude=31.2974197] [longitude=121.5014291] [address=220 Handan Rd, Yangpu, Shanghai, China] [date=20160320] [country=China, Shanghai]
67	Quan_C.20160320.S4 [name=Quan Primer C] [latitude=31.2974197] [longitude=121.5014291] [address=220 Handan Rd, Yangpu, Shanghai, China] [date=20160320] [country=China, Shanghai]
68	Quan_C.20160320.S5 [name=Quan Primer C] [latitude=31.2974197] [longitude=121.5014291] [address=220 Handan Rd, Yangpu, Shanghai, China] [date=20160320] [country=China, Shanghai]
69	Quan_C.20160320.S6 [name=Quan Primer C] [latitude=31.2974197] [longitude=121.5014291] [address=220 Handan Rd, Yangpu, Shanghai, China] [date=20160320] [country=China, Shanghai]
70	Quan_C.20160320.S7 [name=Quan Primer C] [latitude=31.2974197] [longitude=121.5014291] [address=220 Handan Rd, Yangpu, Shanghai, China] [date=20160320] [country=China, Shanghai]
71	Quan_C.20160320.S8 [name=Quan Primer C] [latitude=31.2974197] [longitude=121.5014291] [address=220 Handan Rd, Yangpu, Shanghai, China] [date=20160320] [country=China, Shanghai]
72	Quan_C.20160320.S9 [name=Quan Primer C] [latitude=31.2974197] [longitude=121.5014291] [address=220 Handan Rd, Yangpu, Shanghai, China] [date=20160320] [country=China, Shanghai]
73	Quan_C.20160320.S10 [name=Quan Primer C] [latitude=31.2974197] [longitude=121.5014291] [address=220 Handan Rd, Yangpu, Shanghai, China] [date=20160320] [country=China, Shanghai]
74	Quan_C.20160320.S11 [name=Quan Primer C] [latitude=31.2974197] [longitude=121.5014291] [address=220 Handan Rd, Yangpu, Shanghai, China] [date=20160320] [country=China, Shanghai]
75	Quan_C.20160320.S12 [name=Quan Primer C] [latitude=31.2974197] [longitude=121.5014291] [address=220 Handan Rd, Yangpu, Shanghai, China] [date=20160320] [country=China, Shanghai]
76	Quan_C.20160320.S13 [name=Quan Primer C] [latitude=31.2974197] [longitude=121.5014291] [address=220 Handan Rd, Yangpu, Shanghai, China] [date=20160320] [country=China, Shanghai]
77	Quan_C.20160320.S14 [name=Quan Primer C] [latitude=31.2974197] [longitude=121.5014291] [address=220 Handan Rd, Yangpu, Shanghai, China] [date=20160320] [country=China, Shanghai]
78	Quan_C.20160320.S15 [name=Quan Primer C] [latitude=31.2974197] [longitude=121.5014291] [address=220 Handan Rd, Yangpu, Shanghai, China] [date=20160320] [country=China, Shanghai]
79	Quan_C.20160320.S16 [name=Quan Primer C] [latitude=31.2974197] [longitude=121.5014291] [address=220 Handan Rd, Yangpu, Shanghai, China] [date=20160320] [country=China, Shanghai]
80	Quan_C.20160320.S17 [name=Quan Primer C] [latitude=31.2974197] [longitude=121.5014291] [address=220 Handan Rd, Yangpu, Shanghai, China] [date=20160320] [country=China, Shanghai]
81	Quan_C.20160320.S18 [name=Quan Primer C] [latitude=31.2974197] [longitude=121.5014291] [address=220 Handan Rd, Yangpu, Shanghai, China] [date=20160320] [country=China, Shanghai]
82	Quan_C.20160320.S19 [name=Quan Primer C] [latitude=31.2974197] [longitude=121.5014291] [address=220 Handan Rd, Yangpu, Shanghai, China] [date=20160320] [country=China, Shanghai]
83	Santos_C25.20160225 [name=Santos PrimerC25] [latitude=38.7348396] [longitude=-9.1863262] [address=Instituto Superior Tecnico, Laboratorio de An√°lises, Av. Rovisco Pais, 1049-001 Lisboa] [date=2016Feb25] [country=Portugal]
84	Santos_C27.20160225 [name=Santos Primer C27] [latitude=38.7348396] [longitude=-9.1863262] [address=Instituto Superior Tecnico, Laboratorio de An√°lises, Av. Rovisco Pais, 1049-001 Lisboa] [date=2016Feb25] [country=Portugal]
85	Santos_C28.20160225 [name=Santos Primer C28] [latitude=38.7348396] [longitude=-9.1863262] [address=Instituto Superior Tecnico, Laboratorio de An√°lises, Av. Rovisco Pais, 1049-001 Lisboa] [date=2016Feb25] [country=Portugal]
86	Santos_C30.20160225 [name=Santos PrimerC30] [latitude=38.7348396] [longitude=-9.1863262] [address=Instituto Superior Tecnico, Laboratorio de An√°lises, Av. Rovisco Pais, 1049-001 Lisboa] [date=2016Feb25] [country=Portugal]
87	Santos_C32.20160225 [name=Santos PrimerC32] [latitude=38.7348396] [longitude=-9.1863262] [address=Instituto Superior Tecnico, Laboratorio de An√°lises, Av. Rovisco Pais, 1049-001 Lisboa] [date=2016Feb25] [country=Portugal]
88	Santos_C33.20160225 [name=Santos PrimerC33] [latitude=38.7348396] [longitude=-9.1863262] [address=Instituto Superior Tecnico, Laboratorio de An√°lises, Av. Rovisco Pais, 1049-001 Lisboa] [date=2016Feb25] [country=Portugal]
89	Santos_C35.20160225 [name=Santos PrimerC35] [latitude=38.7348396] [longitude=-9.1863262] [address=Instituto Superior Tecnico, Laboratorio de An√°lises, Av. Rovisco Pais, 1049-001 Lisboa] [date=2016Feb25] [country=Portugal]
90	Strain_primerC.20151215 [name=Strain APC Microbiome Institute primer C 20151215] [date=20151215] [latitude=51.8925] [longitude=-8.4964] [note=coordinates are APC location] [country=Ireland]
91	crAssphage_C [name=crAssphage Primer C] [latitude=0.0] [longitude=0.0] [date=20140724] [country=crAssphage C]
